// Jest Snapshot v1, https://goo.gl/fbAQLP

exports[`ContentGroupGenerator should be able to generate contents grouped by its attributes 1`] = `
Object {
  "combination": Object {
    "medium": "english",
  },
  "name": "subject",
  "sections": Array [
    Object {
      "contents": Array [
        Object {
          "SYS_INTERNAL_LAST_UPDATED_ON": "2019-09-10T06:57:14.868+0000",
          "appIcon": "https://ntpstagingall.blob.core.windows.net/ntp-content-staging/content/do_2128458593096499201172/artifact/_turtle__1549009838461.thumb.jpg",
          "appId": "staging.sunbird.portal",
          "attributions": Array [
            "Ab",
          ],
          "audience": Array [
            "Learner",
          ],
          "author": "Abhinav",
          "board": "State (Andhra Pradesh)",
          "channel": "012830253834911744102",
          "childNodes": Array [
            "do_2126025437863280641611",
            "do_2126138215303577601484",
            "do_2128458595760619521173",
            "do_2128267047888322561514",
          ],
          "children": Array [
            "do_2126025437863280641611",
            "do_2128267047888322561514",
            "do_2126138215303577601484",
          ],
          "code": "org.sunbird.PhOPHg",
          "compatibilityLevel": 1,
          "consumerId": "a9cb3a83-a164-4bf0-aa49-b834cebf1c07",
          "contentCredits": "[{\\"id\\":\\"644da49c-7bef-49d6-8e24-e741d148d652\\",\\"name\\":\\"1.10Creator User\\",\\"type\\":\\"user\\"}]",
          "contentDisposition": "inline",
          "contentEncoding": "gzip",
          "contentType": "TextBook",
          "contentTypesCount": "{\\"TextBookUnit\\":1,\\"Resource\\":3}",
          "copyright": "Abhi",
          "copyrightYear": 2019,
          "createdBy": "019374bc-e6f2-4bf4-be7d-7895c41d760f",
          "createdFor": Array [
            "012830253834911744102",
          ],
          "createdOn": "2019-09-10T06:47:40.260+0000",
          "creator": "2.3 Book Creator",
          "depth": 0,
          "description": "12345",
          "dialcodeRequired": "No",
          "downloadUrl": "https://ntpstagingall.blob.core.windows.net/ntp-content-staging/ecar_files/do_2128458593096499201172/ab16_1568098634480_do_2128458593096499201172_1.0_spine.ecar",
          "framework": "ap_k-12_13",
          "gradeLevel": Array [
            "Class 1",
            "Class 6",
            "Class 7",
            "Class 8",
          ],
          "graph_id": "domain",
          "idealScreenDensity": "hdpi",
          "idealScreenSize": "normal",
          "identifier": "do_2128458593096499201172",
          "keywords": Array [
            "user1",
            "Test",
            "user2",
          ],
          "language": Array [
            "English",
          ],
          "lastPublishedBy": "8feb8c9d-0628-436b-b12d-8fc775dcf3c9",
          "lastPublishedOn": "2019-09-10T06:57:14.392+0000",
          "lastStatusChangedOn": "2019-09-10T06:57:14.854+0000",
          "lastSubmittedOn": "2019-09-10T06:51:33.229+0000",
          "lastUpdatedBy": "019374bc-e6f2-4bf4-be7d-7895c41d760f",
          "lastUpdatedOn": "2019-09-10T06:57:14.111+0000",
          "leafNodes": Array [
            "do_2126025437863280641611",
            "do_2126138215303577601484",
            "do_2128267047888322561514",
          ],
          "leafNodesCount": 3,
          "license": "CC BY 4.0",
          "lockKey": "ccb9c713-3a2d-4db4-9474-58df071f2133",
          "mediaType": "content",
          "medium": "English",
          "mimeType": "application/vnd.ekstep.content-collection",
          "mimeTypesCount": "{\\"video/webm\\":1,\\"application/vnd.ekstep.content-collection\\":1,\\"application/vnd.ekstep.ecml-archive\\":2}",
          "name": "Ab16",
          "nodeType": "DATA_NODE",
          "node_id": 521527,
          "objectType": "Content",
          "organisation": Array [
            "TN2.3",
          ],
          "os": Array [
            "All",
          ],
          "osId": "org.ekstep.quiz.app",
          "ownershipType": Array [
            "createdBy",
          ],
          "pkgVersion": 1,
          "posterImage": "https://ntpstagingall.blob.core.windows.net/ntp-content-staging/content/do_21268948859484569611537/artifact/_turtle__1549009838461.jpg",
          "prevState": "Review",
          "publisher": "Ab",
          "qrCodeProcessId": "4f885002-ef00-4f56-84b7-58e29f4ea0f2",
          "reservedDialcodes": "{\\"M3X5X1\\":0,\\"G4U3F5\\":1}",
          "resourceType": "Book",
          "s3Key": "ecar_files/do_2128458593096499201172/ab16_1568098634480_do_2128458593096499201172_1.0_spine.ecar",
          "size": 927997,
          "status": "Live",
          "subject": "English",
          "toc_url": "https://ntpstagingall.blob.core.windows.net/ntp-content-staging/content/do_2128458593096499201172/artifact/do_2128458593096499201172_toc.json",
          "totalCompressedSize": 3565898,
          "variants": Object {
            "online": Object {
              "ecarUrl": "https://ntpstagingall.blob.core.windows.net/ntp-content-staging/ecar_files/do_2128458593096499201172/ab16_1568098634730_do_2128458593096499201172_1.0_online.ecar",
              "size": 7827,
            },
            "spine": Object {
              "ecarUrl": "https://ntpstagingall.blob.core.windows.net/ntp-content-staging/ecar_files/do_2128458593096499201172/ab16_1568098634480_do_2128458593096499201172_1.0_spine.ecar",
              "size": 927997,
            },
          },
          "version": 2,
          "versionKey": "1568098634111",
          "visibility": "Default",
          "year": "2004",
        },
      ],
      "count": 1,
      "name": "English",
    },
    Object {
      "contents": Array [
        Object {
          "SYS_INTERNAL_LAST_UPDATED_ON": "2019-06-20T08:02:42.480+0000",
          "appIcon": "https://ntpstagingall.blob.core.windows.net/ntp-content-staging/content/do_2126229012892385281329/artifact/download_1540471112504.thumb.png",
          "appId": "staging.sunbird.portal",
          "audience": Array [
            "Learner",
          ],
          "board": "State (Andhra Pradesh)",
          "channel": "0125683555607347207",
          "childNodes": Array [
            "do_2126229016773836801330",
            "do_2126228575209799681316",
            "do_2126223026072207361271",
            "do_2126229016773918721331",
            "do_2126228660142080001326",
          ],
          "children": Array [
            "do_2126223026072207361271",
            "do_2126228660142080001326",
            "do_2126228575209799681316",
          ],
          "code": "org.sunbird.ccdU7y",
          "compatibilityLevel": 1,
          "consumerId": "a9cb3a83-a164-4bf0-aa49-b834cebf1c07",
          "contentCredits": "[{\\"id\\":\\"0125683555607347207\\",\\"name\\":\\"Sachin 2808\\",\\"type\\":\\"user\\"}]",
          "contentDisposition": "inline",
          "contentEncoding": "gzip",
          "contentType": "TextBook",
          "contentTypesCount": "{\\"TextBookUnit\\":2,\\"Resource\\":3}",
          "createdBy": "d32e170d-010b-4bc5-ae55-3ac5e547e35b",
          "createdFor": Array [
            "0125683555607347207",
          ],
          "createdOn": "2018-10-30T06:38:25.034+0000",
          "creator": "Som r",
          "description": "Untitled Collection",
          "dialcodeRequired": "No",
          "downloadUrl": "https://ntpstagingall.blob.core.windows.net/ntp-content-staging/ecar_files/do_2126229012892385281329/assessment-books-789_1540881655204_do_2126229012892385281329_2.0_spine.ecar",
          "framework": "NCF",
          "gradeLevel": Array [
            "Class 4",
          ],
          "graph_id": "domain",
          "idealScreenDensity": "hdpi",
          "idealScreenSize": "normal",
          "identifier": "do_2126229012892385281329",
          "language": Array [
            "English",
          ],
          "lastPublishedBy": "86dd77ad-18d7-4d27-b72c-ba732b4009d3",
          "lastPublishedOn": "2018-10-30T06:40:55.173+0000",
          "lastStatusChangedOn": "2019-06-20T08:02:42.470+0000",
          "lastSubmittedOn": "2018-10-30T06:39:35.880+0000",
          "lastUpdatedBy": "86dd77ad-18d7-4d27-b72c-ba732b4009d3",
          "lastUpdatedOn": "2019-05-15T02:26:03.243+0000",
          "leafNodesCount": 3,
          "license": "CC BY 4.0",
          "mediaType": "content",
          "medium": "English",
          "mimeType": "application/vnd.ekstep.content-collection",
          "mimeTypesCount": "{\\"application/vnd.ekstep.content-collection\\":2,\\"application/vnd.ekstep.ecml-archive\\":3}",
          "name": "Assessment books 789",
          "nodeType": "DATA_NODE",
          "node_id": 437219,
          "objectType": "Content",
          "organisation": Array [
            "Sachin 2808",
          ],
          "os": Array [
            "All",
          ],
          "osId": "org.ekstep.quiz.app",
          "ownedBy": "0125683555607347207",
          "owner": "Sachin 2808",
          "ownershipType": Array [
            "createdFor",
          ],
          "pkgVersion": 2,
          "posterImage": "https://ntpstagingall.blob.core.windows.net/ntp-content-staging/content/do_212619539352354816112/artifact/download_1540471112504.png",
          "prevState": "Live",
          "publishComment": "",
          "resourceType": "Book",
          "s3Key": "ecar_files/do_2126229012892385281329/assessment-books-789_1540881655204_do_2126229012892385281329_2.0_spine.ecar",
          "size": 13816,
          "status": "Live",
          "subject": "Geography",
          "toc_url": "https://ntpstagingall.blob.core.windows.net/ntp-content-staging/content/do_2126229012892385281329/artifact/do_2126229012892385281329toc.json",
          "variants": Object {
            "spine": Object {
              "ecarUrl": "https://ntpstagingall.blob.core.windows.net/ntp-content-staging/ecar_files/do_2126229012892385281329/assessment-books-789_1540881655204_do_2126229012892385281329_2.0_spine.ecar",
              "size": 13816,
            },
          },
          "version": 2,
          "versionKey": "1557887163243",
          "visibility": "Default",
        },
      ],
      "count": 1,
      "name": "Geography",
    },
    Object {
      "contents": Array [
        Object {
          "SYS_INTERNAL_LAST_UPDATED_ON": "2019-07-18T12:34:22.769+0000",
          "appIcon": "https://ntpstagingall.blob.core.windows.net/ntp-content-staging/content/do_21280780867130982412259/artifact/download_1562667557939.thumb.jpeg",
          "appId": "staging.sunbird.portal",
          "audience": Array [
            "Learner",
          ],
          "board": "State (Andhra Pradesh)",
          "channel": "0124511394914140160",
          "childNodes": Array [
            "do_21280780875931648012260",
          ],
          "code": "org.sunbird.l5OJ7O",
          "compatibilityLevel": 1,
          "consumerId": "a9cb3a83-a164-4bf0-aa49-b834cebf1c07",
          "contentDisposition": "inline",
          "contentEncoding": "gzip",
          "contentType": "TextBook",
          "contentTypesCount": "{\\"TextBookUnit\\":1}",
          "copyright": "345 org, Sunbird QA Tenant, SunbirdQA 3",
          "copyrightYear": 2019,
          "createdBy": "25827334-616f-41fc-bc13-b4a1b0b4d7f5",
          "createdFor": Array [
            "0124511394914140160",
            "01245114878763827244",
            "01231711180382208027",
          ],
          "createdOn": "2019-07-18T12:33:26.946+0000",
          "creator": "Book Creator",
          "depth": 0,
          "description": "Enter description for TextBook",
          "dialcodeRequired": "No",
          "downloadUrl": "https://ntpstagingall.blob.core.windows.net/ntp-content-staging/ecar_files/do_21280780867130982412259/111-book_1563453262670_do_21280780867130982412259_1.0_spine.ecar",
          "framework": "ap_k-12_1",
          "gradeLevel": Array [
            "Class 1",
          ],
          "graph_id": "domain",
          "idealScreenDensity": "hdpi",
          "idealScreenSize": "normal",
          "identifier": "do_21280780867130982412259",
          "language": Array [
            "English",
          ],
          "lastPublishedBy": "00c3affc-6988-4b38-9d61-c7bd23ac6cec",
          "lastPublishedOn": "2019-07-18T12:34:22.637+0000",
          "lastStatusChangedOn": "2019-07-18T12:34:22.761+0000",
          "lastSubmittedOn": "2019-07-18T12:33:57.859+0000",
          "lastUpdatedOn": "2019-07-18T12:34:22.457+0000",
          "leafNodesCount": 0,
          "license": "CC BY 4.0",
          "lockKey": "9497b6ba-2a74-41cf-bf72-cdd0d117cde4",
          "mediaType": "content",
          "medium": "English",
          "mimeType": "application/vnd.ekstep.content-collection",
          "mimeTypesCount": "{\\"application/vnd.ekstep.content-collection\\":1}",
          "name": "111 Book",
          "nodeType": "DATA_NODE",
          "node_id": 98321,
          "objectType": "Content",
          "organisation": Array [
            "345 org",
            "Sunbird QA Tenant",
            "SunbirdQA 3",
          ],
          "os": Array [
            "All",
          ],
          "osId": "org.ekstep.quiz.app",
          "ownershipType": Array [
            "createdBy",
          ],
          "pkgVersion": 1,
          "posterImage": "https://ntpstagingall.blob.core.windows.net/ntp-content-staging/content/do_212801372633423872165/artifact/download_1562667557939.jpeg",
          "prevState": "Review",
          "resourceType": "Book",
          "s3Key": "ecar_files/do_21280780867130982412259/111-book_1563453262670_do_21280780867130982412259_1.0_spine.ecar",
          "size": 6840,
          "status": "Live",
          "subject": "Physical Science",
          "toc_url": "https://ntpstagingall.blob.core.windows.net/ntp-content-staging/content/do_21280780867130982412259/artifact/do_21280780867130982412259_toc.json",
          "totalCompressedSize": 0,
          "variants": Object {
            "online": Object {
              "ecarUrl": "https://ntpstagingall.blob.core.windows.net/ntp-content-staging/ecar_files/do_21280780867130982412259/111-book_1563453262699_do_21280780867130982412259_1.0_online.ecar",
              "size": 3045,
            },
            "spine": Object {
              "ecarUrl": "https://ntpstagingall.blob.core.windows.net/ntp-content-staging/ecar_files/do_21280780867130982412259/111-book_1563453262670_do_21280780867130982412259_1.0_spine.ecar",
              "size": 6840,
            },
          },
          "version": 2,
          "versionKey": "1563453262457",
          "visibility": "Default",
        },
      ],
      "count": 1,
      "name": "Physical Science",
    },
  ],
}
`;
